4452.lean:17:4-17:6: warning: Don't use `hi`.
4452.lean:28:4-28:7: warning: Don't use `hi'`, either.
